// Jest Snapshot v1, https://goo.gl/fbAQLP

exports[` getDelegations 1`] = `
Object {
  "in": Array [
    "0x073aBA73177668Ba1c6661A4CCddbF77dfC8809a",
    "0x0D996171E7883A286eF720030935f72D0Bac8219",
    "0x186E20ae3530520C9F3E6C46F2f5d1062b784761",
    "0x19BB34410c9a0f70E89d1b9ab054059Ed1cf5aa8",
    "0x1eccd61c9fa53a8D2e823A26cD72A7efD7D0E92e",
    "0x1f575DC287742BDe83a5D7156f420d671A7C9b67",
    "0x3406402caE1f745714a9aFFc45939854e7Fbe12B",
    "0x37729c5948bb726a505B9633cAab02521c67d89a",
    "0x3A2D016124DF975850b84A6A970ECd5725bF793D",
    "0x3ff634ce65cDb8CC0D569D6d1697c41aa666cEA9",
    "0x53D8EDF6a54239eB785eC72213919Fb6b6B73598",
    "0x595238341089097155d46A79970c38099ee011bC",
    "0x5A27DBBfF05F36DC927137855E3381f0c20C1CDd",
    "0x604eB5D4126E3318EC27721Bd5059307684F5C89",
    "0x628E8Ece00424f6EC1EBE2CBA684319f18079Bd5",
    "0x83b9711b4a5eA2A89606B4f0E4B0A0295B180Ab1",
    "0x843604564aA6fB2a28C06E20B02C30483BC2BcdC",
    "0x87fB47c2B9EB41d362BAb44F5Ec81514b6b1de13",
    "0x898111d1F4eB55025D0036568212425EE2274082",
    "0xa8e75d99D8D207B2916987c45722baC63D24D79f",
    "0xaBe780bDc3872B4DEC16bD44B2bB999f9151aE28",
    "0xB1139E0d8AE27B8a6EE26EC5296B9b18414eD856",
    "0xCA1D1A11074b1d86aC3fBD44771C7043126839c9",
    "0xcEd29BA48490C51E4348e654C313AC97762beCCC",
    "0xd8827D60486E01a6c54F7fc2ddCD9527a26af8ba",
    "0xE3e202b2CAC2B3eC41219C69fE0D2352b19cef69",
    "0xF7434638a7d52E44859A55fCf7c13DC9ddC4B140",
    "0xFd8dc2E9c828f87336042764784C042e489DB521",
  ],
  "out": null,
}
`;
