// Jest Snapshot v1, https://goo.gl/fbAQLP

exports[` validation 1`] = `true`;
